=== RUN   TestRegister
--- FAIL: TestRegister (0.00s)
panic: failed to connect to test database [recovered, repanicked]

goroutine 7 [running]:
testing.tRunner.func1.2({0x7ff7b21771c0, 0x7ff7b24b1be0})
	C:/Program Files/Go/src/testing/testing.go:1872 +0x239
testing.tRunner.func1()
	C:/Program Files/Go/src/testing/testing.go:1875 +0x35b
panic({0x7ff7b21771c0?, 0x7ff7b24b1be0?})
	C:/Program Files/Go/src/runtime/panic.go:783 +0x132
github.com/Candoo/thornton-pickard-api/tests.setupTestDB()
	D:/projects/thornton-pickard-api/tests/camera_test.go:21 +0x1b4
github.com/Candoo/thornton-pickard-api/tests.TestRegister(0xc000003c00)
	D:/projects/thornton-pickard-api/tests/auth_test.go:17 +0x27
testing.tRunner(0xc000003c00, 0x7ff7b231c008)
	C:/Program Files/Go/src/testing/testing.go:1934 +0xc3
created by testing.(*T).Run in goroutine 1
	C:/Program Files/Go/src/testing/testing.go:1997 +0x44b
FAIL	github.com/Candoo/thornton-pickard-api/tests	0.092s
FAIL
